// Jest Snapshot v1, https://goo.gl/fbAQLP

exports[`Test of Profile Components Profile Components Renders correctly 1`] = `
<div
  className="container-fluid container"
>
  <table
    className="col-xl-12 col-lg-12 col-md-12 col-sm-12 table"
  >
    <thead>
      <tr>
        <th>
          Mission
        </th>
        <th>
          description
        </th>
        <th>
          Status
        </th>
        <th>
           
        </th>
      </tr>
    </thead>
    <tbody />
  </table>
</div>
`;

exports[`Test of Profile Components Renders MyProfile component correctly 1`] = `
<div>
  <div
    className="container"
  >
    <div
      className=" col-3 row"
    >
      <div
        className="fw-bold col-sm-5"
      >
        Missons
      </div>
      <div
        className="col-5"
      >
        <div
          className="col-sm-5"
        >
          <p>
            No Missions
          </p>
        </div>
      </div>
    </div>
    <div
      className="row"
    >
      <div
        className="profile-rockets col-5 "
      >
        <table
          className="zebra"
        >
          <thead>
            <tr>
              <th
                className="table-title"
              >
                Rockets
              </th>
            </tr>
          </thead>
          <tbody>
            <tr>
              <td
                className="table-title"
              >
                No missions available ..
              </td>
            </tr>
          </tbody>
        </table>
      </div>
    </div>
  </div>
</div>
`;
